// Jest Snapshot v1, https://goo.gl/fbAQLP

exports[`<App /> should render 1`] = `
<ThemeProvider
  theme={
    Object {
      "breakpoints": Object {
        "l": 1280,
        "m": 768,
        "s": 480,
        "xl": 1920,
        "xs": 320,
        "xxl": 2560,
        "xxs": 0,
      },
      "icons": Object {
        "l": 48,
        "m": 24,
        "s": 12,
      },
      "palette": Object {
        "dark": "#010101",
        "light": "#efefef",
        "primary": "#39c5ff",
        "secondary": "#5c946e",
        "text": "rgba(0, 0, 0, .9)",
      },
      "spacing": Object {
        "l": 20,
        "m": 16,
        "s": 12,
        "xl": 24,
        "xs": 8,
        "xxl": 28,
        "xxs": 4,
      },
      "typography": Object {
        "bold": 600,
        "button": Object {
          "fontFamily": "Verdana, Arial, Sans-serif",
          "fontSize": 14,
        },
        "fontFamily": "Helvetica, Arial, Sans-serif",
        "fontSize": 14,
        "heading1": Object {
          "fontFamily": "Verdana, Arial, Sans-serif",
          "fontSize": 25,
          "fontWeight": 600,
        },
        "heading2": Object {
          "fontFamily": "Verdana, Arial, Sans-serif",
          "fontSize": 21,
          "fontWeight": 600,
        },
        "heading3": Object {
          "fontFamily": "Verdana, Arial, Sans-serif",
          "fontSize": 18,
          "fontWeight": 600,
        },
      },
    }
  }
>
  <Component
    name="Test"
  >
    <Breakpoints
      breakpoints={
        Object {
          "l": 1280,
          "m": 768,
          "s": 480,
          "xl": 1920,
          "xs": 320,
          "xxl": 2560,
          "xxs": 0,
        }
      }
    >
      <ThemeProvider
        theme={
          Object {
            "breakpoints": Object {
              "l": 1280,
              "m": 768,
              "s": 480,
              "xl": 1920,
              "xs": 320,
              "xxl": 2560,
              "xxs": 0,
            },
            "icons": Object {
              "l": 48,
              "m": 24,
              "s": 12,
            },
            "palette": Object {
              "dark": "#010101",
              "light": "#efefef",
              "primary": "#39c5ff",
              "secondary": "#5c946e",
              "text": "rgba(0, 0, 0, .9)",
            },
            "spacing": Object {
              "l": 20,
              "m": 16,
              "s": 12,
              "xl": 24,
              "xs": 8,
              "xxl": 28,
              "xxs": 4,
            },
            "typography": Object {
              "bold": 600,
              "button": Object {
                "fontFamily": "Verdana, Arial, Sans-serif",
                "fontSize": 14,
              },
              "fontFamily": "Helvetica, Arial, Sans-serif",
              "fontSize": 14,
              "heading1": Object {
                "fontFamily": "Verdana, Arial, Sans-serif",
                "fontSize": 25,
                "fontWeight": 600,
              },
              "heading2": Object {
                "fontFamily": "Verdana, Arial, Sans-serif",
                "fontSize": 21,
                "fontWeight": 600,
              },
              "heading3": Object {
                "fontFamily": "Verdana, Arial, Sans-serif",
                "fontSize": 18,
                "fontWeight": 600,
              },
            },
          }
        }
      >
        <App
          name="Test"
        >
          <CssBaseline>
            <View
              className="app-0-2-1"
            >
              <div
                className="app-0-2-1"
              >
                <H1>
                  <Typography
                    variant="heading1"
                  >
                    <h1
                      className="all-0-2-3 heading1-0-2-4"
                    >
                      Test
                    </h1>
                  </Typography>
                </H1>
                <P>
                  <Typography
                    paragraph={true}
                  >
                    <p
                      className="all-0-2-10 paragraph-0-2-14"
                    >
                      Lorem ipsum dolor sit amet, consectetur adipisicing elit. Doloribus perferendis molestiae.
                    </p>
                  </Typography>
                </P>
                <Blockquote>
                  <Typography
                    variant="blockquote"
                  >
                    <blockquote
                      className="all-0-2-17 blockquote-0-2-23"
                    >
                      Lorem ipsum dolor sit amet, consectetur adipisicing elit. 
                      <B>
                        <Typography
                          variant="bold"
                        >
                          <strong
                            className="all-0-2-24 bold-0-2-29"
                          >
                            Doloribus perferendis molestiae.
                          </strong>
                        </Typography>
                      </B>
                    </blockquote>
                  </Typography>
                </Blockquote>
                <View>
                  <div>
                    <ButtonIcon
                      icon="coffee"
                      variant="secondary"
                    >
                      <Button
                        variant="secondary"
                      >
                        <button
                          className="button-0-2-32 secondary-0-2-34"
                          type="button"
                        >
                          <Typography>
                            <span
                              className="all-0-2-35"
                            >
                              <Icon
                                name="coffee"
                                variant="primary"
                              >
                                <span
                                  className="primary-0-2-42 auto-0-2-49"
                                >
                                  <FontAwesomeIcon
                                    border={false}
                                    className=""
                                    fixedWidth={false}
                                    flip={null}
                                    icon="coffee"
                                    inverse={false}
                                    listItem={false}
                                    mask={null}
                                    pull={null}
                                    pulse={false}
                                    rotation={null}
                                    size={null}
                                    spin={false}
                                    swapOpacity={false}
                                    symbol={false}
                                    title=""
                                    transform={null}
                                  >
                                    <svg
                                      aria-hidden="true"
                                      className="svg-inline--fa fa-coffee fa-w-20 "
                                      data-icon="coffee"
                                      data-prefix="fas"
                                      focusable="false"
                                      role="img"
                                      style={Object {}}
                                      viewBox="0 0 640 512"
                                      xmlns="http://www.w3.org/2000/svg"
                                    >
                                      <path
                                        d="M192 384h192c53 0 96-43 96-96h32c70.6 0 128-57.4 128-128S582.6 32 512 32H120c-13.3 0-24 10.7-24 24v232c0 53 43 96 96 96zM512 96c35.3 0 64 28.7 64 64s-28.7 64-64 64h-32V96h32zm47.7 384H48.3c-47.6 0-61-64-36-64h583.3c25 0 11.8 64-35.9 64z"
                                        fill="currentColor"
                                        style={Object {}}
                                      />
                                    </svg>
                                  </FontAwesomeIcon>
                                </span>
                              </Icon>
                            </span>
                          </Typography>
                        </button>
                      </Button>
                    </ButtonIcon>
                    <PrimaryButton>
                      <Button
                        variant="primary"
                      >
                        <button
                          className="button-0-2-50 primary-0-2-51"
                          type="button"
                        >
                          <Typography>
                            <span
                              className="all-0-2-53"
                            >
                              My Button
                            </span>
                          </Typography>
                        </button>
                      </Button>
                    </PrimaryButton>
                    <SecondaryButton>
                      <Button
                        variant="secondary"
                      >
                        <button
                          className="button-0-2-60 secondary-0-2-62"
                          type="button"
                        >
                          <Typography>
                            <span
                              className="all-0-2-63"
                            >
                              Second action
                            </span>
                          </Typography>
                        </button>
                      </Button>
                    </SecondaryButton>
                  </div>
                </View>
                <View
                  className="showHideAtArea-0-2-2"
                >
                  <div
                    className="showHideAtArea-0-2-2"
                  >
                    <ShowAt
                      bp="m"
                    >
                      <H2>
                        <Typography
                          variant="heading2"
                        >
                          <h2
                            className="all-0-2-70 heading2-0-2-72"
                          >
                            This content only shows at medium at above
                          </h2>
                        </Typography>
                      </H2>
                      <P>
                        <Typography
                          paragraph={true}
                        >
                          <p
                            className="all-0-2-77 paragraph-0-2-81"
                          >
                            Lorem ipsum dolor sit amet, consectetur.
                          </p>
                        </Typography>
                      </P>
                    </ShowAt>
                    <HideAt
                      bp="m"
                    />
                  </div>
                </View>
              </div>
            </View>
            <Debug>
              <View
                className="debug-0-2-84"
              >
                <div
                  className="debug-0-2-84"
                >
                  m
                </div>
              </View>
            </Debug>
          </CssBaseline>
        </App>
      </ThemeProvider>
    </Breakpoints>
  </Component>
</ThemeProvider>
`;
