// Jest Snapshot v1, https://goo.gl/fbAQLP

exports[`<App /> should render 1`] = `
Array [
  <h1
    class="text-3xl font-medium mb-4 last:mb-0"
  >
    Test
  </h1>,
  <p
    class="font-normal text-base mb-2 last:mb-0"
  >
    Lorem ipsum dolor sit amet, consectetur adipisicing elit. Doloribus perferendis molestiae.
  </p>,
  <blockquote
    class="p-2 italic border-solid border-l-4 border-blue-500 rounded bg-gray-300 text-base mb-2 last:mb-0"
  >
    Lorem ipsum dolor sit amet, consectetur adipisicing elit. 
    <strong
      class="font-semibold text-base mb-2 last:mb-0"
    >
      Doloribus perferendis molestiae.
    </strong>
  </blockquote>,
  <div
    class="mt-4"
  >
    <button
      class="text-blue-500 p-2 rounded uppercase text-base"
      type="button"
    >
      <span
        class="font-normal text-base mb-2 last:mb-0"
      >
        <span
          class="text-blue-500"
        >
          <svg
            aria-hidden="true"
            class="svg-inline--fa fa-coffee fa-w-20 fill-current"
            data-icon="coffee"
            data-prefix="fas"
            focusable="false"
            role="img"
            viewBox="0 0 640 512"
            xmlns="http://www.w3.org/2000/svg"
          >
            <path
              d="M192 384h192c53 0 96-43 96-96h32c70.6 0 128-57.4 128-128S582.6 32 512 32H120c-13.3 0-24 10.7-24 24v232c0 53 43 96 96 96zM512 96c35.3 0 64 28.7 64 64s-28.7 64-64 64h-32V96h32zm47.7 384H48.3c-47.6 0-61-64-36-64h583.3c25 0 11.8 64-35.9 64z"
              fill="currentColor"
            />
          </svg>
        </span>
      </span>
    </button>
    <button
      class="bg-blue-500 hover:bg-blue-700 text-white p-2 rounded uppercase text-base"
      type="button"
    >
      <span
        class="font-normal text-base mb-2 last:mb-0"
      >
        My Button
      </span>
    </button>
    <button
      class="text-blue-500 p-2 rounded uppercase text-base"
      type="button"
    >
      <span
        class="font-normal text-base mb-2 last:mb-0"
      >
        Second action
      </span>
    </button>
  </div>,
  <div
    class="mt-4"
  >
    <h2
      class="text-2xl font-medium mb-3 last:mb-0"
    >
      This content only shows at medium at above
    </h2>
    <p
      class="font-normal text-base mb-2 last:mb-0"
    >
      Lorem ipsum dolor sit amet, consectetur.
    </p>
  </div>,
  <div
    class="mt-4"
  >
    <div>
      <button
        aria-controls="ExpansionPanelBody-App1"
        aria-expanded="false"
        class="block flex border-b-2 border-black p-2 w-full"
        id="ExpansionPanelHead-App1"
        type="button"
      >
        <div
          class="mr-4 self-center"
        >
          <h3
            class="text-xl font-medium mb-2 last:mb-0"
          >
            <span
              class="text-black"
            />
          </h3>
        </div>
        <div
          class=" self-center"
        >
          <h3
            class="text-xl font-medium mb-2 last:mb-0"
          >
            My expansion panel title
          </h3>
        </div>
      </button>
    </div>
    <div>
      <button
        aria-controls="ExpansionPanelBody-App2"
        aria-expanded="false"
        class="block flex border-b-2 border-black p-2 w-full"
        id="ExpansionPanelHead-App2"
        type="button"
      >
        <div
          class="mr-4 self-center"
        >
          <h3
            class="text-xl font-medium mb-2 last:mb-0"
          >
            <span
              class="text-black"
            />
          </h3>
        </div>
        <div
          class=" self-center"
        >
          <h3
            class="text-xl font-medium mb-2 last:mb-0"
          >
            My expansion panel title 
          </h3>
        </div>
      </button>
      <button
        class="bg-gray-200 hover:bg-gray-400 p-2 rounded uppercase text-base"
        type="button"
      >
        <span
          class="font-normal text-base mb-2 last:mb-0"
        >
          <span
            class="text-black"
          >
            <svg
              aria-hidden="true"
              class="svg-inline--fa fa-coffee fa-w-20 fill-current"
              data-icon="coffee"
              data-prefix="fas"
              focusable="false"
              role="img"
              viewBox="0 0 640 512"
              xmlns="http://www.w3.org/2000/svg"
            >
              <path
                d="M192 384h192c53 0 96-43 96-96h32c70.6 0 128-57.4 128-128S582.6 32 512 32H120c-13.3 0-24 10.7-24 24v232c0 53 43 96 96 96zM512 96c35.3 0 64 28.7 64 64s-28.7 64-64 64h-32V96h32zm47.7 384H48.3c-47.6 0-61-64-36-64h583.3c25 0 11.8 64-35.9 64z"
                fill="currentColor"
              />
            </svg>
          </span>
        </span>
      </button>
    </div>
  </div>,
  <div
    class="fixed bottom-0 right-0 text-white bg-black py-1 px-4 mt-4"
  >
    m
  </div>,
]
`;
